[0.012s][warning][gc] -XX:+PrintGCDetails is deprecated. Will use -Xlog:gc* instead.
[0.074s][info   ][gc,heap] Heap region size: 1M
[0.113s][info   ][gc     ] Using G1
[0.113s][info   ][gc,heap,coops] Heap address: 0x00000000e0000000, size: 512 MB, Compressed Oops mode: 32-bit
正在执行...
[0.359s][info   ][gc,start     ] GC(0) Pause Young (Normal) (G1 Evacuation Pause)
[0.360s][info   ][gc,task      ] GC(0) Using 8 workers of 8 for evacuation
[0.365s][info   ][gc,phases    ] GC(0)   Pre Evacuate Collection Set: 0.0ms
[0.366s][info   ][gc,phases    ] GC(0)   Evacuate Collection Set: 3.5ms
[0.367s][info   ][gc,phases    ] GC(0)   Post Evacuate Collection Set: 0.4ms
[0.368s][info   ][gc,phases    ] GC(0)   Other: 2.6ms
[0.371s][info   ][gc,heap      ] GC(0) Eden regions: 25->0(22)
[0.375s][info   ][gc,heap      ] GC(0) Survivor regions: 0->4(4)
[0.377s][info   ][gc,heap      ] GC(0) Old regions: 0->7
[0.381s][info   ][gc,heap      ] GC(0) Humongous regions: 9->3
[0.383s][info   ][gc,metaspace ] GC(0) Metaspace: 4011K->4011K(1056768K)
[0.387s][info   ][gc           ] GC(0) Pause Young (Normal) (G1 Evacuation Pause) 34M->13M(512M) 27.619ms
[0.388s][info   ][gc,cpu       ] GC(0) User=0.00s Sys=0.00s Real=0.03s
[0.414s][info   ][gc,start     ] GC(1) Pause Young (Normal) (G1 Evacuation Pause)
[0.415s][info   ][gc,task      ] GC(1) Using 8 workers of 8 for evacuation
[0.424s][info   ][gc,phases    ] GC(1)   Pre Evacuate Collection Set: 0.0ms
[0.426s][info   ][gc,phases    ] GC(1)   Evacuate Collection Set: 5.6ms
[0.430s][info   ][gc,phases    ] GC(1)   Post Evacuate Collection Set: 0.4ms
[0.432s][info   ][gc,phases    ] GC(1)   Other: 3.8ms
[0.435s][info   ][gc,heap      ] GC(1) Eden regions: 22->0(40)
[0.438s][info   ][gc,heap      ] GC(1) Survivor regions: 4->4(4)
[0.442s][info   ][gc,heap      ] GC(1) Old regions: 7->15
[0.446s][info   ][gc,heap      ] GC(1) Humongous regions: 14->11
[0.449s][info   ][gc,metaspace ] GC(1) Metaspace: 4020K->4020K(1056768K)
[0.451s][info   ][gc           ] GC(1) Pause Young (Normal) (G1 Evacuation Pause) 46M->29M(512M) 37.260ms
[0.453s][info   ][gc,cpu       ] GC(1) User=0.02s Sys=0.00s Real=0.04s
[0.491s][info   ][gc,start     ] GC(2) Pause Young (Normal) (G1 Evacuation Pause)
[0.493s][info   ][gc,task      ] GC(2) Using 8 workers of 8 for evacuation
[0.501s][info   ][gc,phases    ] GC(2)   Pre Evacuate Collection Set: 0.0ms
[0.503s][info   ][gc,phases    ] GC(2)   Evacuate Collection Set: 6.4ms
[0.504s][info   ][gc,phases    ] GC(2)   Post Evacuate Collection Set: 0.3ms
[0.508s][info   ][gc,phases    ] GC(2)   Other: 2.8ms
[0.509s][info   ][gc,heap      ] GC(2) Eden regions: 40->0(49)
[0.510s][info   ][gc,heap      ] GC(2) Survivor regions: 4->6(6)
[0.513s][info   ][gc,heap      ] GC(2) Old regions: 15->30
[0.514s][info   ][gc,heap      ] GC(2) Humongous regions: 30->21
[0.518s][info   ][gc,metaspace ] GC(2) Metaspace: 4020K->4020K(1056768K)
[0.519s][info   ][gc           ] GC(2) Pause Young (Normal) (G1 Evacuation Pause) 88M->56M(512M) 27.699ms
[0.520s][info   ][gc,cpu       ] GC(2) User=0.00s Sys=0.00s Real=0.03s
[0.558s][info   ][gc,start     ] GC(3) Pause Young (Normal) (G1 Evacuation Pause)
[0.559s][info   ][gc,task      ] GC(3) Using 8 workers of 8 for evacuation
[0.569s][info   ][gc,phases    ] GC(3)   Pre Evacuate Collection Set: 0.0ms
[0.570s][info   ][gc,phases    ] GC(3)   Evacuate Collection Set: 7.3ms
[0.571s][info   ][gc,phases    ] GC(3)   Post Evacuate Collection Set: 0.4ms
[0.575s][info   ][gc,phases    ] GC(3)   Other: 2.8ms
[0.577s][info   ][gc,heap      ] GC(3) Eden regions: 49->0(300)
[0.581s][info   ][gc,heap      ] GC(3) Survivor regions: 6->7(7)
[0.583s][info   ][gc,heap      ] GC(3) Old regions: 30->46
[0.587s][info   ][gc,heap      ] GC(3) Humongous regions: 58->38
[0.589s][info   ][gc,metaspace ] GC(3) Metaspace: 4020K->4020K(1056768K)
[0.592s][info   ][gc           ] GC(3) Pause Young (Normal) (G1 Evacuation Pause) 142M->90M(512M) 34.183ms
[0.597s][info   ][gc,cpu       ] GC(3) User=0.00s Sys=0.00s Real=0.04s
[0.972s][info   ][gc,start     ] GC(4) Pause Young (Concurrent Start) (G1 Humongous Allocation)
[0.973s][info   ][gc,task      ] GC(4) Using 8 workers of 8 for evacuation
[0.989s][info   ][gc           ] GC(4) To-space exhausted
[0.989s][info   ][gc,phases    ] GC(4)   Pre Evacuate Collection Set: 0.1ms
[0.991s][info   ][gc,phases    ] GC(4)   Evacuate Collection Set: 12.1ms
[0.998s][info   ][gc,phases    ] GC(4)   Post Evacuate Collection Set: 1.2ms
[1.000s][info   ][gc,phases    ] GC(4)   Other: 4.0ms
[1.004s][info   ][gc,heap      ] GC(4) Eden regions: 250->0(40)
[1.005s][info   ][gc,heap      ] GC(4) Survivor regions: 7->25(39)
[1.007s][info   ][gc,heap      ] GC(4) Old regions: 46->275
[1.014s][info   ][gc,heap      ] GC(4) Humongous regions: 184->82
[1.016s][info   ][gc,metaspace ] GC(4) Metaspace: 4020K->4020K(1056768K)
[1.017s][info   ][gc           ] GC(4) Pause Young (Concurrent Start) (G1 Humongous Allocation) 486M->381M(512M) 45.342ms
[1.021s][info   ][gc,cpu       ] GC(4) User=0.05s Sys=0.05s Real=0.05s
[1.022s][info   ][gc           ] GC(5) Concurrent Cycle
[1.026s][info   ][gc,marking   ] GC(5) Concurrent Clear Claimed Marks
[1.031s][info   ][gc,marking   ] GC(5) Concurrent Clear Claimed Marks 4.143ms
[1.032s][info   ][gc,marking   ] GC(5) Concurrent Scan Root Regions
[1.037s][info   ][gc,marking   ] GC(5) Concurrent Scan Root Regions 4.532ms
[1.038s][info   ][gc,marking   ] GC(5) Concurrent Mark (1.038s)
[1.042s][info   ][gc,marking   ] GC(5) Concurrent Mark From Roots
[1.047s][info   ][gc,task      ] GC(5) Using 2 workers of 2 for marking
[1.048s][info   ][gc,start     ] GC(6) Pause Young (Normal) (G1 Evacuation Pause)
[1.051s][info   ][gc,task      ] GC(6) Using 8 workers of 8 for evacuation
[1.066s][info   ][gc,phases    ] GC(6)   Pre Evacuate Collection Set: 0.1ms
[1.066s][info   ][gc,phases    ] GC(6)   Evacuate Collection Set: 11.6ms
[1.068s][info   ][gc,phases    ] GC(6)   Post Evacuate Collection Set: 0.4ms
[1.072s][info   ][gc,phases    ] GC(6)   Other: 5.1ms
[1.073s][info   ][gc,heap      ] GC(6) Eden regions: 40->0(29)
[1.077s][info   ][gc,heap      ] GC(6) Survivor regions: 25->9(9)
[1.081s][info   ][gc,heap      ] GC(6) Old regions: 275->306
[1.083s][info   ][gc,heap      ] GC(6) Humongous regions: 103->89
[1.085s][info   ][gc,metaspace ] GC(6) Metaspace: 4020K->4020K(1056768K)
[1.089s][info   ][gc           ] GC(6) Pause Young (Normal) (G1 Evacuation Pause) 442M->403M(512M) 40.211ms
[1.093s][info   ][gc,cpu       ] GC(6) User=0.08s Sys=0.05s Real=0.04s
[1.099s][info   ][gc,marking   ] GC(5) Concurrent Mark From Roots 56.775ms
[1.099s][info   ][gc,marking   ] GC(5) Concurrent Preclean
[1.102s][info   ][gc,marking   ] GC(5) Concurrent Preclean 2.109ms
[1.105s][info   ][gc,marking   ] GC(5) Concurrent Mark (1.038s, 1.105s) 67.106ms
[1.110s][info   ][gc,start     ] GC(5) Pause Remark
[1.116s][info   ][gc,stringtable] GC(5) Cleaned string and symbol table, strings: 2014 processed, 0 removed, symbols: 18322 processed, 0 removed
[1.117s][info   ][gc            ] GC(5) Pause Remark 447M->446M(512M) 7.117ms
[1.120s][info   ][gc,cpu        ] GC(5) User=0.00s Sys=0.02s Real=0.01s
[1.123s][info   ][gc,marking    ] GC(5) Concurrent Rebuild Remembered Sets
[1.125s][info   ][gc,start      ] GC(7) Pause Young (Normal) (G1 Evacuation Pause)
[1.130s][info   ][gc,task       ] GC(7) Using 8 workers of 8 for evacuation
[1.139s][info   ][gc,phases     ] GC(7)   Pre Evacuate Collection Set: 0.1ms
[1.141s][info   ][gc,phases     ] GC(7)   Evacuate Collection Set: 5.9ms
[1.142s][info   ][gc,phases     ] GC(7)   Post Evacuate Collection Set: 0.4ms
[1.147s][info   ][gc,phases     ] GC(7)   Other: 7.5ms
[1.150s][info   ][gc,heap       ] GC(7) Eden regions: 29->0(20)
[1.152s][info   ][gc,heap       ] GC(7) Survivor regions: 9->5(5)
[1.156s][info   ][gc,heap       ] GC(7) Old regions: 305->321
[1.158s][info   ][gc,heap       ] GC(7) Humongous regions: 114->100
[1.162s][info   ][gc,metaspace  ] GC(7) Metaspace: 4020K->4020K(1056768K)
[1.163s][info   ][gc            ] GC(7) Pause Young (Normal) (G1 Evacuation Pause) 456M->425M(512M) 38.472ms
[1.167s][info   ][gc,cpu        ] GC(7) User=0.05s Sys=0.06s Real=0.04s
[1.171s][info   ][gc,marking    ] GC(5) Concurrent Rebuild Remembered Sets 48.430ms
[1.173s][info   ][gc,start      ] GC(5) Pause Cleanup
[1.175s][info   ][gc            ] GC(5) Pause Cleanup 438M->438M(512M) 2.143ms
[1.180s][info   ][gc,cpu        ] GC(5) User=0.00s Sys=0.00s Real=0.01s
[1.184s][info   ][gc,marking    ] GC(5) Concurrent Cleanup for Next Mark
[1.189s][info   ][gc,marking    ] GC(5) Concurrent Cleanup for Next Mark 5.421ms
[1.190s][info   ][gc            ] GC(5) Concurrent Cycle 167.778ms
[1.191s][info   ][gc,start      ] GC(8) Pause Young (Prepare Mixed) (G1 Evacuation Pause)
[1.197s][info   ][gc,task       ] GC(8) Using 8 workers of 8 for evacuation
[1.205s][info   ][gc,phases     ] GC(8)   Pre Evacuate Collection Set: 0.2ms
[1.207s][info   ][gc,phases     ] GC(8)   Evacuate Collection Set: 2.8ms
[1.209s][info   ][gc,phases     ] GC(8)   Post Evacuate Collection Set: 0.3ms
[1.214s][info   ][gc,phases     ] GC(8)   Other: 10.7ms
[1.218s][info   ][gc,heap       ] GC(8) Eden regions: 20->0(21)
[1.220s][info   ][gc,heap       ] GC(8) Survivor regions: 5->4(4)
[1.223s][info   ][gc,heap       ] GC(8) Old regions: 321->330
[1.225s][info   ][gc,heap       ] GC(8) Humongous regions: 111->106
[1.229s][info   ][gc,metaspace  ] GC(8) Metaspace: 4020K->4020K(1056768K)
[1.232s][info   ][gc            ] GC(8) Pause Young (Prepare Mixed) (G1 Evacuation Pause) 456M->439M(512M) 41.193ms
[1.236s][info   ][gc,cpu        ] GC(8) User=0.00s Sys=0.00s Real=0.05s
[1.251s][info   ][gc,start      ] GC(9) Pause Young (Mixed) (G1 Evacuation Pause)
[1.252s][info   ][gc,task       ] GC(9) Using 8 workers of 8 for evacuation
[1.259s][info   ][gc,phases     ] GC(9)   Pre Evacuate Collection Set: 0.2ms
[1.262s][info   ][gc,phases     ] GC(9)   Evacuate Collection Set: 4.7ms
[1.264s][info   ][gc,phases     ] GC(9)   Post Evacuate Collection Set: 0.3ms
[1.268s][info   ][gc,phases     ] GC(9)   Other: 3.1ms
[1.270s][info   ][gc,heap       ] GC(9) Eden regions: 21->0(21)
[1.273s][info   ][gc,heap       ] GC(9) Survivor regions: 4->4(4)
[1.275s][info   ][gc,heap       ] GC(9) Old regions: 330->292
[1.280s][info   ][gc,heap       ] GC(9) Humongous regions: 119->112
[1.284s][info   ][gc,metaspace  ] GC(9) Metaspace: 4020K->4020K(1056768K)
[1.286s][info   ][gc            ] GC(9) Pause Young (Mixed) (G1 Evacuation Pause) 473M->407M(512M) 34.910ms
[1.290s][info   ][gc,cpu        ] GC(9) User=0.08s Sys=0.00s Real=0.04s
[1.302s][info   ][gc,start      ] GC(10) Pause Young (Mixed) (G1 Evacuation Pause)
[1.303s][info   ][gc,task       ] GC(10) Using 8 workers of 8 for evacuation
[1.314s][info   ][gc,phases     ] GC(10)   Pre Evacuate Collection Set: 0.2ms
[1.317s][info   ][gc,phases     ] GC(10)   Evacuate Collection Set: 5.6ms
[1.320s][info   ][gc,phases     ] GC(10)   Post Evacuate Collection Set: 0.8ms
[1.328s][info   ][gc,phases     ] GC(10)   Other: 4.9ms
[1.330s][info   ][gc,heap       ] GC(10) Eden regions: 21->0(21)
[1.334s][info   ][gc,heap       ] GC(10) Survivor regions: 4->4(4)
[1.336s][info   ][gc,heap       ] GC(10) Old regions: 292->254
[1.340s][info   ][gc,heap       ] GC(10) Humongous regions: 122->110
[1.342s][info   ][gc,metaspace  ] GC(10) Metaspace: 4020K->4020K(1056768K)
[1.347s][info   ][gc            ] GC(10) Pause Young (Mixed) (G1 Evacuation Pause) 438M->367M(512M) 44.590ms
[1.350s][info   ][gc,cpu        ] GC(10) User=0.00s Sys=0.00s Real=0.05s
执行结束!共生成对象次数:3478
[1.426s][info   ][gc,heap,exit  ] Heap
[1.427s][info   ][gc,heap,exit  ]  garbage-first heap   total 524288K, used 376674K [0x00000000e0000000, 0x0000000100000000)
[1.430s][info   ][gc,heap,exit  ]   region size 1024K, 5 young (5120K), 4 survivors (4096K)
[1.432s][info   ][gc,heap,exit  ]  Metaspace       used 5007K, capacity 5101K, committed 5376K, reserved 1056768K
[1.436s][info   ][gc,heap,exit  ]   class space    used 420K, capacity 444K, committed 512K, reserved 1048576K