[0.015s][warning][gc] -XX:+PrintGCDetails is deprecated. Will use -Xlog:gc* instead.
[0.034s][info   ][gc,heap] Heap region size: 1M
[0.085s][info   ][gc     ] Using G1
[0.085s][info   ][gc,heap,coops] Heap address: 0x00000000c0000000, size: 1024 MB, Compressed Oops mode: 32-bit
正在执行...
[0.271s][info   ][gc,start     ] GC(0) Pause Young (Normal) (G1 Evacuation Pause)
[0.272s][info   ][gc,task      ] GC(0) Using 8 workers of 8 for evacuation
[0.281s][info   ][gc,phases    ] GC(0)   Pre Evacuate Collection Set: 0.0ms
[0.283s][info   ][gc,phases    ] GC(0)   Evacuate Collection Set: 7.1ms
[0.291s][info   ][gc,phases    ] GC(0)   Post Evacuate Collection Set: 0.7ms
[0.294s][info   ][gc,phases    ] GC(0)   Other: 2.2ms
[0.295s][info   ][gc,heap      ] GC(0) Eden regions: 51->0(44)
[0.306s][info   ][gc,heap      ] GC(0) Survivor regions: 0->7(7)
[0.307s][info   ][gc,heap      ] GC(0) Old regions: 0->15
[0.314s][info   ][gc,heap      ] GC(0) Humongous regions: 19->8
[0.317s][info   ][gc,metaspace ] GC(0) Metaspace: 4017K->4017K(1056768K)
[0.327s][info   ][gc           ] GC(0) Pause Young (Normal) (G1 Evacuation Pause) 69M->29M(1024M) 56.099ms
[0.328s][info   ][gc,cpu       ] GC(0) User=0.05s Sys=0.00s Real=0.06s
[0.375s][info   ][gc,start     ] GC(1) Pause Young (Normal) (G1 Evacuation Pause)
[0.376s][info   ][gc,task      ] GC(1) Using 8 workers of 8 for evacuation
[0.386s][info   ][gc,phases    ] GC(1)   Pre Evacuate Collection Set: 0.0ms
[0.388s][info   ][gc,phases    ] GC(1)   Evacuate Collection Set: 7.3ms
[0.389s][info   ][gc,phases    ] GC(1)   Post Evacuate Collection Set: 1.3ms
[0.400s][info   ][gc,phases    ] GC(1)   Other: 2.4ms
[0.411s][info   ][gc,heap      ] GC(1) Eden regions: 44->0(44)
[0.413s][info   ][gc,heap      ] GC(1) Survivor regions: 7->7(7)
[0.424s][info   ][gc,heap      ] GC(1) Old regions: 15->32
[0.426s][info   ][gc,heap      ] GC(1) Humongous regions: 25->19
[0.437s][info   ][gc,metaspace ] GC(1) Metaspace: 4017K->4017K(1056768K)
[0.438s][info   ][gc           ] GC(1) Pause Young (Normal) (G1 Evacuation Pause) 90M->57M(1024M) 63.255ms
[0.447s][info   ][gc,cpu       ] GC(1) User=0.11s Sys=0.02s Real=0.07s
[0.494s][info   ][gc,start     ] GC(2) Pause Young (Normal) (G1 Evacuation Pause)
[0.495s][info   ][gc,task      ] GC(2) Using 8 workers of 8 for evacuation
[0.506s][info   ][gc,phases    ] GC(2)   Pre Evacuate Collection Set: 0.1ms
[0.508s][info   ][gc,phases    ] GC(2)   Evacuate Collection Set: 8.6ms
[0.510s][info   ][gc,phases    ] GC(2)   Post Evacuate Collection Set: 0.7ms
[0.520s][info   ][gc,phases    ] GC(2)   Other: 2.7ms
[0.521s][info   ][gc,heap      ] GC(2) Eden regions: 44->0(49)
[0.528s][info   ][gc,heap      ] GC(2) Survivor regions: 7->7(7)
[0.532s][info   ][gc,heap      ] GC(2) Old regions: 32->48
[0.540s][info   ][gc,heap      ] GC(2) Humongous regions: 50->31
[0.544s][info   ][gc,metaspace ] GC(2) Metaspace: 4017K->4017K(1056768K)
[0.556s][info   ][gc           ] GC(2) Pause Young (Normal) (G1 Evacuation Pause) 132M->85M(1024M) 61.772ms
[0.557s][info   ][gc,cpu       ] GC(2) User=0.05s Sys=0.11s Real=0.06s
[0.610s][info   ][gc,start     ] GC(3) Pause Young (Normal) (G1 Evacuation Pause)
[0.611s][info   ][gc,task      ] GC(3) Using 8 workers of 8 for evacuation
[0.623s][info   ][gc,phases    ] GC(3)   Pre Evacuate Collection Set: 0.1ms
[0.625s][info   ][gc,phases    ] GC(3)   Evacuate Collection Set: 9.4ms
[0.626s][info   ][gc,phases    ] GC(3)   Post Evacuate Collection Set: 0.7ms
[0.633s][info   ][gc,phases    ] GC(3)   Other: 2.6ms
[0.637s][info   ][gc,heap      ] GC(3) Eden regions: 49->0(59)
[0.638s][info   ][gc,heap      ] GC(3) Survivor regions: 7->7(7)
[0.648s][info   ][gc,heap      ] GC(3) Old regions: 48->65
[0.649s][info   ][gc,heap      ] GC(3) Humongous regions: 66->44
[0.661s][info   ][gc,metaspace ] GC(3) Metaspace: 4017K->4017K(1056768K)
[0.662s][info   ][gc           ] GC(3) Pause Young (Normal) (G1 Evacuation Pause) 169M->115M(1024M) 52.233ms
[0.674s][info   ][gc,cpu       ] GC(3) User=0.00s Sys=0.00s Real=0.06s
[0.711s][info   ][gc,start     ] GC(4) Pause Young (Normal) (G1 Evacuation Pause)
[0.712s][info   ][gc,task      ] GC(4) Using 8 workers of 8 for evacuation
[0.727s][info   ][gc,phases    ] GC(4)   Pre Evacuate Collection Set: 0.1ms
[0.727s][info   ][gc,phases    ] GC(4)   Evacuate Collection Set: 12.6ms
[0.729s][info   ][gc,phases    ] GC(4)   Post Evacuate Collection Set: 0.5ms
[0.740s][info   ][gc,phases    ] GC(4)   Other: 2.8ms
[0.741s][info   ][gc,heap      ] GC(4) Eden regions: 59->0(76)
[0.748s][info   ][gc,heap      ] GC(4) Survivor regions: 7->9(9)
[0.754s][info   ][gc,heap      ] GC(4) Old regions: 65->83
[0.756s][info   ][gc,heap      ] GC(4) Humongous regions: 71->56
[0.765s][info   ][gc,metaspace ] GC(4) Metaspace: 4017K->4017K(1056768K)
[0.776s][info   ][gc           ] GC(4) Pause Young (Normal) (G1 Evacuation Pause) 201M->147M(1024M) 65.547ms
[0.778s][info   ][gc,cpu       ] GC(4) User=0.02s Sys=0.09s Real=0.07s
[0.832s][info   ][gc,start     ] GC(5) Pause Young (Normal) (G1 Evacuation Pause)
[0.833s][info   ][gc,task      ] GC(5) Using 8 workers of 8 for evacuation
[0.847s][info   ][gc,phases    ] GC(5)   Pre Evacuate Collection Set: 0.1ms
[0.849s][info   ][gc,phases    ] GC(5)   Evacuate Collection Set: 11.0ms
[0.860s][info   ][gc,phases    ] GC(5)   Post Evacuate Collection Set: 0.5ms
[0.862s][info   ][gc,phases    ] GC(5)   Other: 2.9ms
[0.874s][info   ][gc,heap      ] GC(5) Eden regions: 76->0(88)
[0.876s][info   ][gc,heap      ] GC(5) Survivor regions: 9->11(11)
[0.887s][info   ][gc,heap      ] GC(5) Old regions: 83->110
[0.889s][info   ][gc,heap      ] GC(5) Humongous regions: 91->68
[0.898s][info   ][gc,metaspace ] GC(5) Metaspace: 4017K->4017K(1056768K)
[0.910s][info   ][gc           ] GC(5) Pause Young (Normal) (G1 Evacuation Pause) 258M->188M(1024M) 77.157ms
[0.911s][info   ][gc,cpu       ] GC(5) User=0.00s Sys=0.00s Real=0.08s
[0.983s][info   ][gc,start     ] GC(6) Pause Young (Normal) (G1 Evacuation Pause)
[0.984s][info   ][gc,task      ] GC(6) Using 8 workers of 8 for evacuation
[1.002s][info   ][gc,phases    ] GC(6)   Pre Evacuate Collection Set: 0.1ms
[1.005s][info   ][gc,phases    ] GC(6)   Evacuate Collection Set: 15.4ms
[1.006s][info   ][gc,phases    ] GC(6)   Post Evacuate Collection Set: 1.4ms
[1.013s][info   ][gc,phases    ] GC(6)   Other: 2.1ms
[1.017s][info   ][gc,heap      ] GC(6) Eden regions: 88->0(91)
[1.028s][info   ][gc,heap      ] GC(6) Survivor regions: 11->13(13)
[1.029s][info   ][gc,heap      ] GC(6) Old regions: 110->140
[1.041s][info   ][gc,heap      ] GC(6) Humongous regions: 131->87
[1.042s][info   ][gc,metaspace ] GC(6) Metaspace: 4017K->4017K(1056768K)
[1.053s][info   ][gc           ] GC(6) Pause Young (Normal) (G1 Evacuation Pause) 339M->239M(1024M) 69.887ms
[1.055s][info   ][gc,cpu       ] GC(6) User=0.05s Sys=0.05s Real=0.07s
[1.102s][info   ][gc,start     ] GC(7) Pause Young (Normal) (G1 Evacuation Pause)
[1.102s][info   ][gc,task      ] GC(7) Using 8 workers of 8 for evacuation
[1.122s][info   ][gc,phases    ] GC(7)   Pre Evacuate Collection Set: 0.2ms
[1.123s][info   ][gc,phases    ] GC(7)   Evacuate Collection Set: 17.8ms
[1.124s][info   ][gc,phases    ] GC(7)   Post Evacuate Collection Set: 0.6ms
[1.134s][info   ][gc,phases    ] GC(7)   Other: 2.0ms
[1.144s][info   ][gc,heap      ] GC(7) Eden regions: 91->0(38)
[1.145s][info   ][gc,heap      ] GC(7) Survivor regions: 13->13(13)
[1.157s][info   ][gc,heap      ] GC(7) Old regions: 140->176
[1.158s][info   ][gc,heap      ] GC(7) Humongous regions: 137->89
[1.165s][info   ][gc,metaspace ] GC(7) Metaspace: 4017K->4017K(1056768K)
[1.170s][info   ][gc           ] GC(7) Pause Young (Normal) (G1 Evacuation Pause) 379M->277M(1024M) 68.685ms
[1.172s][info   ][gc,cpu       ] GC(7) User=0.03s Sys=0.05s Real=0.07s
执行结束!共生成对象次数:3356
[1.253s][info   ][gc,heap,exit ] Heap
[1.253s][info   ][gc,heap,exit ]  garbage-first heap   total 1048576K, used 330150K [0x00000000c0000000, 0x0000000100000000)
[1.254s][info   ][gc,heap,exit ]   region size 1024K, 45 young (46080K), 13 survivors (13312K)
[1.255s][info   ][gc,heap,exit ]  Metaspace       used 5005K, capacity 5101K, committed 5376K, reserved 1056768K
[1.256s][info   ][gc,heap,exit ]   class space    used 420K, capacity 444K, committed 512K, reserved 1048576K