[0.012s][warning][gc] -XX:+PrintGCDetails is deprecated. Will use -Xlog:gc* instead.
[0.030s][info   ][gc] Using Parallel
[0.030s][info   ][gc,heap,coops] Heap address: 0x00000000c0000000, size: 1024 MB, Compressed Oops mode: 32-bit
正在执行...
[0.189s][info   ][gc,start     ] GC(0) Pause Young (Allocation Failure)
[0.201s][info   ][gc,heap      ] GC(0) PSYoungGen: 31522K->5107K(36864K)
[0.201s][info   ][gc,heap      ] GC(0) ParOldGen: 0K->9180K(84992K)
[0.202s][info   ][gc,metaspace ] GC(0) Metaspace: 4010K->4010K(1056768K)
[0.206s][info   ][gc           ] GC(0) Pause Young (Allocation Failure) 30M->13M(119M) 17.325ms
[0.208s][info   ][gc,cpu       ] GC(0) User=0.02s Sys=0.02s Real=0.02s
[0.225s][info   ][gc,start     ] GC(1) Pause Young (Allocation Failure)
[0.240s][info   ][gc,heap      ] GC(1) PSYoungGen: 36851K->5110K(68608K)
[0.240s][info   ][gc,heap      ] GC(1) ParOldGen: 9180K->22206K(84992K)
[0.247s][info   ][gc,metaspace ] GC(1) Metaspace: 4016K->4016K(1056768K)
[0.248s][info   ][gc           ] GC(1) Pause Young (Allocation Failure) 44M->26M(150M) 22.854ms
[0.252s][info   ][gc,cpu       ] GC(1) User=0.02s Sys=0.03s Real=0.03s
[0.293s][info   ][gc,start     ] GC(2) Pause Young (Allocation Failure)
[0.312s][info   ][gc,heap      ] GC(2) PSYoungGen: 68308K->5110K(68608K)
[0.313s][info   ][gc,heap      ] GC(2) ParOldGen: 22206K->46431K(84992K)
[0.315s][info   ][gc,metaspace ] GC(2) Metaspace: 4018K->4018K(1056768K)
[0.317s][info   ][gc           ] GC(2) Pause Young (Allocation Failure) 88M->50M(150M) 23.582ms
[0.321s][info   ][gc,cpu       ] GC(2) User=0.02s Sys=0.03s Real=0.03s
[0.337s][info   ][gc,start     ] GC(3) Pause Young (Allocation Failure)
[0.354s][info   ][gc,heap      ] GC(3) PSYoungGen: 68598K->5118K(132096K)
[0.355s][info   ][gc,heap      ] GC(3) ParOldGen: 46431K->69866K(84992K)
[0.356s][info   ][gc,metaspace ] GC(3) Metaspace: 4018K->4018K(1056768K)
[0.363s][info   ][gc           ] GC(3) Pause Young (Allocation Failure) 112M->73M(212M) 26.607ms
[0.365s][info   ][gc,cpu       ] GC(3) User=0.00s Sys=0.05s Real=0.03s
[0.370s][info   ][gc,start     ] GC(4) Pause Full (Ergonomics)
[0.371s][info   ][gc,phases,start] GC(4) Marking Phase
[0.379s][info   ][gc,phases      ] GC(4) Marking Phase 7.835ms
[0.380s][info   ][gc,phases,start] GC(4) Summary Phase
[0.381s][info   ][gc,phases      ] GC(4) Summary Phase 1.530ms
[0.382s][info   ][gc,phases,start] GC(4) Adjust Roots
[0.387s][info   ][gc,phases      ] GC(4) Adjust Roots 4.730ms
[0.388s][info   ][gc,phases,start] GC(4) Compaction Phase
[0.407s][info   ][gc,phases      ] GC(4) Compaction Phase 19.030ms
[0.408s][info   ][gc,phases,start] GC(4) Post Compact
[0.414s][info   ][gc,phases      ] GC(4) Post Compact 5.798ms
[0.417s][info   ][gc,heap        ] GC(4) PSYoungGen: 5118K->0K(132096K)
[0.419s][info   ][gc,heap        ] GC(4) ParOldGen: 69866K->69950K(141824K)
[0.423s][info   ][gc,metaspace   ] GC(4) Metaspace: 4018K->4018K(1056768K)
[0.428s][info   ][gc             ] GC(4) Pause Full (Ergonomics) 73M->68M(267M) 58.404ms
[0.430s][info   ][gc,cpu         ] GC(4) User=0.08s Sys=0.00s Real=0.06s
[0.502s][info   ][gc,start       ] GC(5) Pause Young (Allocation Failure)
[0.525s][info   ][gc,heap        ] GC(5) PSYoungGen: 126976K->5105K(177664K)
[0.526s][info   ][gc,heap        ] GC(5) ParOldGen: 69950K->111801K(141824K)
[0.529s][info   ][gc,metaspace   ] GC(5) Metaspace: 4018K->4018K(1056768K)
[0.530s][info   ][gc             ] GC(5) Pause Young (Allocation Failure) 192M->114M(312M) 28.390ms
[0.532s][info   ][gc,cpu         ] GC(5) User=0.03s Sys=0.05s Real=0.03s
[0.533s][info   ][gc,start       ] GC(6) Pause Full (Ergonomics)
[0.535s][info   ][gc,phases,start] GC(6) Marking Phase
[0.542s][info   ][gc,phases      ] GC(6) Marking Phase 6.495ms
[0.542s][info   ][gc,phases,start] GC(6) Summary Phase
[0.545s][info   ][gc,phases      ] GC(6) Summary Phase 2.226ms
[0.546s][info   ][gc,phases,start] GC(6) Adjust Roots
[0.551s][info   ][gc,phases      ] GC(6) Adjust Roots 4.931ms
[0.551s][info   ][gc,phases,start] GC(6) Compaction Phase
[0.577s][info   ][gc,phases      ] GC(6) Compaction Phase 26.037ms
[0.579s][info   ][gc,phases,start] GC(6) Post Compact
[0.581s][info   ][gc,phases      ] GC(6) Post Compact 2.276ms
[0.583s][info   ][gc,heap        ] GC(6) PSYoungGen: 5105K->0K(221696K)
[0.584s][info   ][gc,heap        ] GC(6) ParOldGen: 111801K->106821K(211968K)
[0.585s][info   ][gc,metaspace   ] GC(6) Metaspace: 4018K->4018K(1056768K)
[0.588s][info   ][gc             ] GC(6) Pause Full (Ergonomics) 114M->104M(423M) 55.639ms
[0.590s][info   ][gc,cpu         ] GC(6) User=0.16s Sys=0.02s Real=0.06s
[0.658s][info   ][gc,start       ] GC(7) Pause Young (Allocation Failure)
[0.684s][info   ][gc,heap        ] GC(7) PSYoungGen: 172497K->49150K(263168K)
[0.684s][info   ][gc,heap        ] GC(7) ParOldGen: 106821K->123303K(211968K)
[0.686s][info   ][gc,metaspace   ] GC(7) Metaspace: 4018K->4018K(1056768K)
[0.687s][info   ][gc             ] GC(7) Pause Young (Allocation Failure) 272M->168M(464M) 28.416ms
[0.688s][info   ][gc,cpu         ] GC(7) User=0.08s Sys=0.13s Real=0.03s
[0.761s][info   ][gc,start       ] GC(8) Pause Young (Allocation Failure)
[0.804s][info   ][gc,heap        ] GC(8) PSYoungGen: 263166K->67573K(281600K)
[0.805s][info   ][gc,heap        ] GC(8) ParOldGen: 123303K->172280K(211968K)
[0.806s][info   ][gc,metaspace   ] GC(8) Metaspace: 4018K->4018K(1056768K)
[0.807s][info   ][gc             ] GC(8) Pause Young (Allocation Failure) 377M->234M(482M) 46.432ms
[0.809s][info   ][gc,cpu         ] GC(8) User=0.06s Sys=0.14s Real=0.05s
[0.810s][info   ][gc,start       ] GC(9) Pause Full (Ergonomics)
[0.811s][info   ][gc,phases,start] GC(9) Marking Phase
[0.816s][info   ][gc,phases      ] GC(9) Marking Phase 4.903ms
[0.816s][info   ][gc,phases,start] GC(9) Summary Phase
[0.820s][info   ][gc,phases      ] GC(9) Summary Phase 3.157ms
[0.821s][info   ][gc,phases,start] GC(9) Adjust Roots
[0.823s][info   ][gc,phases      ] GC(9) Adjust Roots 2.219ms
[0.823s][info   ][gc,phases,start] GC(9) Compaction Phase
[0.877s][info   ][gc,phases      ] GC(9) Compaction Phase 53.275ms
[0.878s][info   ][gc,phases,start] GC(9) Post Compact
[0.881s][info   ][gc,phases      ] GC(9) Post Compact 3.694ms
[0.883s][info   ][gc,heap        ] GC(9) PSYoungGen: 67573K->0K(207872K)
[0.884s][info   ][gc,heap        ] GC(9) ParOldGen: 172280K->193859K(324608K)
[0.885s][info   ][gc,metaspace   ] GC(9) Metaspace: 4018K->4018K(1056768K)
[0.889s][info   ][gc             ] GC(9) Pause Full (Ergonomics) 234M->189M(520M) 79.574ms
[0.894s][info   ][gc,cpu         ] GC(9) User=0.20s Sys=0.02s Real=0.09s
[0.940s][info   ][gc,start       ] GC(10) Pause Young (Allocation Failure)
[0.952s][info   ][gc,heap        ] GC(10) PSYoungGen: 140288K->52696K(244736K)
[0.952s][info   ][gc,heap        ] GC(10) ParOldGen: 193859K->193859K(324608K)
[0.954s][info   ][gc,metaspace   ] GC(10) Metaspace: 4018K->4018K(1056768K)
[0.958s][info   ][gc             ] GC(10) Pause Young (Allocation Failure) 326M->240M(556M) 18.331ms
[0.959s][info   ][gc,cpu         ] GC(10) User=0.08s Sys=0.00s Real=0.02s
[0.994s][info   ][gc,start       ] GC(11) Pause Young (Allocation Failure)
[1.027s][info   ][gc,heap        ] GC(11) PSYoungGen: 192660K->100056K(217088K)
[1.027s][info   ][gc,heap        ] GC(11) ParOldGen: 193859K->193859K(324608K)
[1.029s][info   ][gc,metaspace   ] GC(11) Metaspace: 4018K->4018K(1056768K)
[1.030s][info   ][gc             ] GC(11) Pause Young (Allocation Failure) 377M->287M(529M) 35.680ms
[1.032s][info   ][gc,cpu         ] GC(11) User=0.05s Sys=0.02s Real=0.04s
[1.063s][info   ][gc,start       ] GC(12) Pause Young (Allocation Failure)
[1.097s][info   ][gc,heap        ] GC(12) PSYoungGen: 216755K->116196K(232960K)
[1.098s][info   ][gc,heap        ] GC(12) ParOldGen: 193859K->201612K(324608K)
[1.099s][info   ][gc,metaspace   ] GC(12) Metaspace: 4018K->4018K(1056768K)
[1.100s][info   ][gc             ] GC(12) Pause Young (Allocation Failure) 400M->310M(544M) 37.567ms
[1.101s][info   ][gc,cpu         ] GC(12) User=0.20s Sys=0.00s Real=0.04s
[1.132s][info   ][gc,start       ] GC(13) Pause Young (Allocation Failure)
[1.183s][info   ][gc,heap        ] GC(13) PSYoungGen: 232932K->78341K(232960K)
[1.184s][info   ][gc,heap        ] GC(13) ParOldGen: 201612K->277511K(324608K)
[1.185s][info   ][gc,metaspace   ] GC(13) Metaspace: 4019K->4019K(1056768K)
[1.186s][info   ][gc             ] GC(13) Pause Young (Allocation Failure) 424M->347M(544M) 54.256ms
[1.187s][info   ][gc,cpu         ] GC(13) User=0.22s Sys=0.13s Real=0.06s
[1.188s][info   ][gc,start       ] GC(14) Pause Full (Ergonomics)
[1.188s][info   ][gc,phases,start] GC(14) Marking Phase
[1.193s][info   ][gc,phases      ] GC(14) Marking Phase 4.778ms
[1.195s][info   ][gc,phases,start] GC(14) Summary Phase
[1.198s][info   ][gc,phases      ] GC(14) Summary Phase 3.702ms
[1.199s][info   ][gc,phases,start] GC(14) Adjust Roots
[1.201s][info   ][gc,phases      ] GC(14) Adjust Roots 1.594ms
[1.201s][info   ][gc,phases,start] GC(14) Compaction Phase
[1.261s][info   ][gc,phases      ] GC(14) Compaction Phase 59.999ms
[1.262s][info   ][gc,phases,start] GC(14) Post Compact
[1.267s][info   ][gc,phases      ] GC(14) Post Compact 5.207ms
[1.269s][info   ][gc,heap        ] GC(14) PSYoungGen: 78341K->0K(232960K)
[1.269s][info   ][gc,heap        ] GC(14) ParOldGen: 277511K->274920K(435200K)
[1.272s][info   ][gc,metaspace   ] GC(14) Metaspace: 4019K->4019K(1056768K)
[1.277s][info   ][gc             ] GC(14) Pause Full (Ergonomics) 347M->268M(652M) 89.367ms
[1.278s][info   ][gc,cpu         ] GC(14) User=0.36s Sys=0.00s Real=0.09s
执行结束!共生成对象次数:5584
[1.323s][info   ][gc,heap,exit   ] Heap
[1.324s][info   ][gc,heap,exit   ]  PSYoungGen      total 232960K, used 5552K [0x00000000eab00000, 0x0000000100000000, 0x0000000100000000)
[1.325s][info   ][gc,heap,exit   ]   eden space 116736K, 4% used [0x00000000eab00000,0x00000000eb06c1f0,0x00000000f1d00000)
[1.326s][info   ][gc,heap,exit   ]   from space 116224K, 0% used [0x00000000f1d00000,0x00000000f1d00000,0x00000000f8e80000)
[1.328s][info   ][gc,heap,exit   ]   to   space 116224K, 0% used [0x00000000f8e80000,0x00000000f8e80000,0x0000000100000000)
[1.329s][info   ][gc,heap,exit   ]  ParOldGen       total 435200K, used 274920K [0x00000000c0000000, 0x00000000da900000, 0x00000000eab00000)
[1.330s][info   ][gc,heap,exit   ]   object space 435200K, 63% used [0x00000000c0000000,0x00000000d0c7a2f8,0x00000000da900000)
[1.334s][info   ][gc,heap,exit   ]  Metaspace       used 5009K, capacity 5101K, committed 5376K, reserved 1056768K
[1.337s][info   ][gc,heap,exit   ]   class space    used 420K, capacity 444K, committed 512K, reserved 1048576K